MPLINK 4.49, Linker
Linker Map File - Created Mon Nov 19 17:38:36 2018

                                 Section Info
                  Section       Type    Address   Location Size(Bytes)
                ---------  ---------  ---------  ---------  ---------
                   .org_0       code   0x000000    program   0x000000
                   .org_1       code   0x000000    program   0x000076
.config_2007_UYGULAMA-48.O       code   0x002007    program   0x000002



                              Program Memory Usage 
                               Start         End      
                           ---------   ---------      
                            0x000000    0x00003a      
                            0x002007    0x002007      
            60 out of 8454 program addresses used, program memory utilization is 0%



                              Symbols - Sorted by Name
                     Name    Address   Location    Storage File                     
                ---------  ---------  ---------  --------- ---------                
              ANA_KONTROL   0x00001a    program     static D:\mikroislemciler\2018GuzDonemi\48.uygulama\uygulama-48.asm
                ANA_METOT   0x000001    program     static D:\mikroislemciler\2018GuzDonemi\48.uygulama\uygulama-48.asm
           DONUSTUR_METOT   0x000016    program     static D:\mikroislemciler\2018GuzDonemi\48.uygulama\uygulama-48.asm
                  GECIKME   0x000032    program     static D:\mikroislemciler\2018GuzDonemi\48.uygulama\uygulama-48.asm
             LED_SONDURME   0x00002e    program     static D:\mikroislemciler\2018GuzDonemi\48.uygulama\uygulama-48.asm
                LED_YAKMA   0x00002a    program     static D:\mikroislemciler\2018GuzDonemi\48.uygulama\uygulama-48.asm
                  TEKRAR1   0x000034    program     static D:\mikroislemciler\2018GuzDonemi\48.uygulama\uygulama-48.asm
                  TEKRAR2   0x000036    program     static D:\mikroislemciler\2018GuzDonemi\48.uygulama\uygulama-48.asm
             YAZDIR_METOT   0x00001d    program     static D:\mikroislemciler\2018GuzDonemi\48.uygulama\uygulama-48.asm



                              Symbols - Sorted by Address
                     Name    Address   Location    Storage File                     
                ---------  ---------  ---------  --------- ---------                
                ANA_METOT   0x000001    program     static D:\mikroislemciler\2018GuzDonemi\48.uygulama\uygulama-48.asm
           DONUSTUR_METOT   0x000016    program     static D:\mikroislemciler\2018GuzDonemi\48.uygulama\uygulama-48.asm
              ANA_KONTROL   0x00001a    program     static D:\mikroislemciler\2018GuzDonemi\48.uygulama\uygulama-48.asm
             YAZDIR_METOT   0x00001d    program     static D:\mikroislemciler\2018GuzDonemi\48.uygulama\uygulama-48.asm
                LED_YAKMA   0x00002a    program     static D:\mikroislemciler\2018GuzDonemi\48.uygulama\uygulama-48.asm
             LED_SONDURME   0x00002e    program     static D:\mikroislemciler\2018GuzDonemi\48.uygulama\uygulama-48.asm
                  GECIKME   0x000032    program     static D:\mikroislemciler\2018GuzDonemi\48.uygulama\uygulama-48.asm
                  TEKRAR1   0x000034    program     static D:\mikroislemciler\2018GuzDonemi\48.uygulama\uygulama-48.asm
                  TEKRAR2   0x000036    program     static D:\mikroislemciler\2018GuzDonemi\48.uygulama\uygulama-48.asm


